// Jest Snapshot v1, https://goo.gl/fbAQLP

exports[`Testing <SearchInput/> SearchInput have rendered correctly 1`] = `
<Field
  name="checkboxOptions"
  render={[Function]}
/>
`;
